// Jest Snapshot v1, https://goo.gl/fbAQLP

exports[`Dashboard renders defaults correctly 1`] = `
<div
  className="dashboard"
>
  <nav
    className="navbar navbar-expand navbar-light bg-light"
  >
    <a
      className="navbar-brand"
      href="/"
    >
      Estimate It!
    </a>
    <ul
      className="ml-auto navbar-nav"
    >
      <li
        className="nav-item"
      >
        <a
          className="nav-link"
          href="https://github.com/tatomyr/estimate-it"
          onClick={[Function]}
        >
          GitHub
        </a>
      </li>
    </ul>
  </nav>
  <div
    className="container"
  >
    <div
      className="row"
    >
      <div
        className="col-lg-6"
      >
        <ul
          className="list-group"
        >
          <li
            className="list-group-item"
          >
            <div
              className="row"
            >
              <div
                className="col-9 col-sm-10 col-lg-10"
              >
                <div
                  className="row"
                >
                  <div
                    className="col-12 col-sm-6 col-lg-12"
                  >
                    <a
                      href="#/estimate/new"
                      onClick={[Function]}
                    >
                      <b>
                        New Project
                      </b>
                    </a>
                  </div>
                  <div
                    className="col-12 col-sm-6 col-lg-12"
                  />
                </div>
              </div>
            </div>
          </li>
        </ul>
      </div>
      <div
        className="col"
      >
        Other stuffâ€¦
      </div>
    </div>
  </div>
</div>
`;
