// Jest Snapshot v1, https://goo.gl/fbAQLP

exports[`renders correctly 1`] = `
<div
  className="side-button"
  data-color="primary"
  data-title="New"
>
  <button
    className="btn btn-outline-primary"
    disabled={false}
    onClick={[Function]}
    type="button"
  >
    <span
      aria-hidden={true}
      className="fa fa-file"
    />
  </button>
</div>
`;
